

*********



*********

